
 RUN  v4.1.11 /Volumes/LizsDisk/mythos/apps/web
      Coverage enabled with v8


 Test Files  134 passed (134)
      Tests  1370 passed (1370)
   Start at  11:34:40
   Duration  67.15s (transform 4.57s, setup 13.24s, import 21.60s, tests 12.50s, environment 67.20s)

 % Coverage report from v8
-------------------|---------|----------|---------|---------|-------------------
File               | % Stmts | % Branch | % Funcs | % Lines | Uncovered Line #s
-------------------|---------|----------|---------|---------|-------------------
All files          |    74.4 |    63.49 |   78.85 |   75.58 |
 lib               |   68.58 |    59.14 |   75.04 |   69.51 |
  anki-export.ts   |   58.62 |    46.15 |   71.42 |   60.71 | 18,142-157
  ...-festivals.ts |     100 |     90.9 |     100 |     100 | 232
  atlas-layout.ts  |   98.18 |    85.71 |     100 |     100 | 121-157
  attestation.ts   |   76.54 |    73.43 |      80 |   90.47 | 143-155
  ...hing-story.ts |       0 |        0 |       0 |       0 | 49-178
  ...log-client.ts |   71.42 |       75 |      50 |   83.33 | 32-36
  catalog-query.ts |     100 |    77.77 |     100 |     100 | 8-12
  comparisons.ts   |   93.33 |    73.52 |     100 |     100 | ...76,290,318,351
  cosmology.ts     |     100 |    88.88 |     100 |     100 | 68,96
  csp.ts           |     100 |    85.71 |     100 |     100 | 38-50
  ...challenges.ts |     100 |    95.23 |     100 |     100 | 139
  date.ts          |   69.23 |    66.66 |     100 |   69.23 | 12-15
  deity-faq.ts     |     100 |    93.75 |     100 |     100 | 22
  deity-page.ts    |   98.73 |    94.54 |     100 |   98.55 | 205
  ...-reference.ts |   94.73 |       75 |   88.88 |   94.44 | 61
  gods-of.ts       |     100 |    78.12 |     100 |     100 | ...08,230,267-271
  ...e-entities.ts |   94.73 |    68.42 |     100 |   93.75 | 52
  heroes.ts        |       0 |        0 |       0 |       0 | 10-33
  ...provenance.ts |      95 |    78.57 |     100 |     100 | 46,70-72
  ...ing-backup.ts |   95.58 |     87.5 |     100 |   98.43 | 227
  ...d-mentions.ts |       0 |        0 |       0 |       0 | 57-211
  logger.ts        |     5.4 |        0 |       0 |    5.71 | 29-67,85-148
  mastery.ts       |     100 |    97.14 |     100 |     100 | 135
  metadata.ts      |   94.73 |    83.33 |   83.33 |   94.73 | 59
  museum.ts        |   77.77 |    91.66 |   71.42 |   85.71 | 69
  ...comparison.ts |       0 |        0 |       0 |       0 | 76-421
  mythic-eras.ts   |       0 |        0 |       0 |       0 | 16-150
  narration.ts     |    2.77 |     7.07 |    3.44 |    2.79 | 68-351
  newsletter.ts    |     100 |    92.85 |     100 |     100 | 94
  ...eon-colors.ts |     100 |       50 |     100 |     100 | 37
  ...on-rosters.ts |      90 |    83.33 |     100 |   88.88 | 21
  ...llel-notes.ts |     100 |       50 |     100 |     100 | 27
  pdf-export.ts    |    53.7 |    31.42 |   78.57 |   54.08 | ...19-331,354-411
  ...cy-consent.ts |   78.94 |       75 |     100 |   93.33 | 15
  quiz-share.ts    |   91.17 |    88.88 |     100 |   96.55 | 101
  rafThrottle.ts   |     100 |       75 |     100 |     100 | 16
  ...mendations.ts |   18.96 |     8.69 |   32.43 |   19.44 | ...59-410,443-531
  ...nship-quiz.ts |   92.78 |    86.88 |    90.9 |   94.18 | 83,119-124
  relationships.ts |     100 |    81.48 |     100 |     100 | 59,68-96
  ...e-pantheon.ts |     100 |    85.71 |     100 |     100 | 506,520
  schemas.ts       |    75.6 |        0 |       0 |    75.6 | 437-458
  search-engine.ts |   98.07 |    72.94 |     100 |   98.01 | 415,459
  search-merge.ts  |     100 |       75 |     100 |     100 | 30
  seeded.ts        |     100 |       50 |     100 |     100 | 12
  ...repetition.ts |   97.05 |       90 |     100 |   96.96 | 114
  ...y-timeline.ts |       0 |        0 |       0 |       0 | 55-474
  support-nudge.ts |   91.42 |    80.95 |     100 |     100 | 31,36-43,68
  ...ition-name.ts |      50 |      100 |      50 |      50 | 23
 lib/analytics     |   92.85 |    88.46 |     100 |     100 |
  events.ts        |   86.95 |    78.57 |     100 |     100 | 107-110,127
 lib/data          |   86.47 |    62.79 |    77.5 |   87.15 |
  catalog.ts       |   81.81 |       25 |   70.37 |    82.5 | ...96,127-132,195
  daily-myths.ts   |   97.72 |    84.21 |     100 |     100 | 59,71,99
  ...ve-stories.ts |       0 |        0 |       0 |       0 | 10-13
  quiz-pool.ts     |       0 |        0 |       0 |       0 | 14-72
  worksheets.ts    |   96.62 |    84.61 |     100 |     100 | ...03-108,147,163
 lib/http          |    92.3 |       90 |     100 |      92 |
  ...-json-body.ts |    92.3 |       90 |     100 |      92 | 18,47
 lib/og            |       0 |        0 |       0 |       0 |
  card.tsx         |       0 |        0 |       0 |       0 | 12-79
 lib/oracle        |   82.32 |    70.14 |   87.75 |   84.69 |
  citations.ts     |   95.23 |    93.05 |     100 |     100 | ...01,111,166,178
  ...t-identity.ts |     100 |    92.85 |     100 |     100 | 35
  coverage.ts      |     100 |    66.66 |     100 |     100 | 20-32
  global-budget.ts |   31.81 |    27.77 |      50 |   33.33 | 18-25,45,50-61
  grounding.ts     |   93.92 |    72.58 |     100 |   97.81 | ...51,646,779,799
  oracle-locale.ts |      70 |       60 |     100 |   66.66 | 70-74
  prompt.ts        |   83.33 |       50 |     100 |   83.33 | 38
  provider.ts      |      94 |    89.79 |      80 |   95.34 | 77,139
  rate-limit.ts    |   75.55 |    65.38 |   77.77 |   76.19 | ...13,124,136-146
  ...est-guards.ts |   91.66 |      100 |     100 |   91.66 | 26
  semantic.ts      |   28.03 |    20.45 |   36.84 |   30.76 | ...44-276,292-320
  stream-client.ts |   97.61 |    85.18 |     100 |     100 | 45,58,64-78
  token-budget.ts  |   96.42 |       90 |     100 |     100 | 136,140-150
 lib/seo           |     100 |       80 |     100 |     100 |
  cited-works.ts   |     100 |       80 |     100 |     100 | 34,36,50,63
 providers         |   95.62 |    90.36 |   95.45 |   96.75 |
  ...-provider.tsx |   95.62 |    90.36 |   95.45 |   96.75 | ...46,518,523,528
-------------------|---------|----------|---------|---------|-------------------

=============================== Coverage summary ===============================
Statements   : 74.4% ( 2552/3430 )
Branches     : 63.49% ( 1400/2205 )
Functions    : 78.85% ( 675/856 )
Lines        : 75.58% ( 2316/3064 )
================================================================================
